Maze file: 52.txt
A* executions: 124
Expanded Cells: 47339
Path length: 310


Maze file: 50.txt
A* executions: 406
Expanded Cells: 196102
Path length: 818


Maze file: 65.txt
A* executions: 324
Expanded Cells: 84607
Path length: 605


Maze file: 66.txt
A* executions: 4
Expanded Cells: 29
Path length: 9


Maze file: 67.txt
A* executions: 428
Expanded Cells: 210988
Path length: 1380


Maze file: 51.txt
A* executions: 1033
Expanded Cells: 694593
Path length: 3667


Maze file: 78.txt
A* executions: 46
Expanded Cells: 1757
Path length: 109


